#-----------------------------------------------------------
# Vivado v2024.2 (64-bit)
# SW Build 5239630 on Fri Nov 08 22:35:27 MST 2024
# IP Build 5239520 on Sun Nov 10 16:12:51 MST 2024
# SharedData Build 5239561 on Fri Nov 08 14:39:27 MST 2024
# Start of session at: Tue Jan 20 10:13:49 2026
# Process ID         : 23184
# Current directory  : C:/Users/patri/Vivado_projects/SCS/projec_ALU/projec_ALU.runs/synth_1
# Command line       : vivado.exe -log top_level.vds -product Vivado -mode batch -messageDb vivado.pb -notrace -source top_level.tcl
# Log file           : C:/Users/patri/Vivado_projects/SCS/projec_ALU/projec_ALU.runs/synth_1/top_level.vds
# Journal file       : C:/Users/patri/Vivado_projects/SCS/projec_ALU/projec_ALU.runs/synth_1\vivado.jou
# Running On         : Patricia_Laptop
# Platform           : Windows Server 2016 or Windows 10
# Operating System   : 26100
# Processor Detail   : Intel(R) Core(TM) Ultra 7 165H
# CPU Frequency      : 3072 MHz
# CPU Physical cores : 16
# CPU Logical cores  : 22
# Host memory        : 33972 MB
# Swap memory        : 2147 MB
# Total Virtual      : 36120 MB
# Available Virtual  : 21819 MB
#-----------------------------------------------------------
source top_level.tcl -notrace
